Info (125061): Changed top-level design entity name to "de10lite_wrap"
Info (125069): Default assignment values were changed in the current version of the Quartus Prime software -- changes to default assignments values are contained in file /data/project/tsmc65/shared/quartus_install/intelFPGA_lite/24.1std/quartus/linux64/assignment_defaults.qdf
Info: *******************************************************************
Info: Running Quartus Prime Fitter
    Info: Version 24.1std.0 Build 1077 03/04/2025 SC Lite Edition
    Info: Copyright (C) 2025  Altera Corporation. All rights reserved.
    Info: Your use of Altera Corporation's design tools, logic functions 
    Info: and other software and tools, and any partner logic 
    Info: functions, and any output files from any of the foregoing 
    Info: (including device programming or simulation files), and any 
    Info: associated documentation or information are expressly subject 
    Info: to the terms and conditions of the Altera Program License 
    Info: Subscription Agreement, the Altera Quartus Prime License Agreement,
    Info: the Altera IP License Agreement, or other applicable license
    Info: agreement, including, without limitation, that your use is for
    Info: the sole purpose of programming logic devices manufactured by
    Info: Altera and sold by Altera or its authorized distributors.  Please
    Info: refer to the Altera Software License Subscription Agreements 
    Info: on the Quartus Prime software download page.
    Info: Processing started: Sun Sep  6 20:11:51 2026
Info: Command: quartus_fit --read_settings_files=on --write_settings_files=off k5_xbox_rc3 -c k5_xbox_rc3
Info: qfit2_default_script.tcl version: #1
Info: Project  = k5_xbox_rc3
Info: Revision = k5_xbox_rc3
Warning (18236): Number of processors has not been specified which may cause overloading on shared machines.  Set the global assignment NUM_PARALLEL_PROCESSORS in your QSF to an appropriate value for best performance.
Info (20029): Only one processor detected - disabling parallel compilation
Info (119006): Selected device 10M50DAF484C7G for design "k5_xbox_rc3"
Info (21077): Low junction temperature is 0 degrees C
Info (21077): High junction temperature is 85 degrees C
Info (15535): Implemented PLL "k5x_pll:k5x_pll|altpll:altpll_component|k5x_pll_altpll:auto_generated|pll1" as MAX 10 PLL type File: /project/tsmc65/users/perezba/ws/my_k5_proj/hw/gen_fpga/db/k5x_pll_altpll.v Line: 51
    Info (15099): Implementing clock multiplication of 1, clock division of 1, and phase shift of 0 degrees (0 ps) for k5x_pll:k5x_pll|altpll:altpll_component|k5x_pll_altpll:auto_generated|wire_pll1_clk[0] port File: /project/tsmc65/users/perezba/ws/my_k5_proj/hw/gen_fpga/db/k5x_pll_altpll.v Line: 51
Info (171003): Fitter is performing an Auto Fit compilation, which may decrease Fitter effort to reduce compilation time
Warning (292013): Feature LogicLock is only available with a valid subscription license. You can purchase a software subscription to gain full access to this feature.
Info (176444): Device migration not selected. If you intend to use device migration later, you may need to change the pin assignments as they may be incompatible with other devices
    Info (176445): Device 10M08DAF484I7G is compatible
    Info (176445): Device 10M08DAF484I7P is compatible
    Info (176445): Device 10M16DAF484A7G is compatible
    Info (176445): Device 10M16DAF484C7G is compatible
    Info (176445): Device 10M16DAF484I7G is compatible
    Info (176445): Device 10M16DAF484I7P is compatible
    Info (176445): Device 10M25DAF484A7G is compatible
    Info (176445): Device 10M25DAF484C7G is compatible
    Info (176445): Device 10M25DAF484I7G is compatible
    Info (176445): Device 10M50DAF484I7G is compatible
    Info (176445): Device 10M50DAF484I7P is compatible
    Info (176445): Device 10M40DAF484C7G is compatible
    Info (176445): Device 10M40DAF484I7G is compatible
Info (169124): Fitter converted 8 user pins into dedicated programming pins
    Info (169125): Pin ~ALTERA_TMS~ is reserved at location H2
    Info (169125): Pin ~ALTERA_TCK~ is reserved at location G2
    Info (169125): Pin ~ALTERA_TDI~ is reserved at location L4
    Info (169125): Pin ~ALTERA_TDO~ is reserved at location M5
    Info (169125): Pin ~ALTERA_CONFIG_SEL~ is reserved at location H10
    Info (169125): Pin ~ALTERA_nCONFIG~ is reserved at location H9
    Info (169125): Pin ~ALTERA_nSTATUS~ is reserved at location G9
    Info (169125): Pin ~ALTERA_CONF_DONE~ is reserved at location F8
Info (169141): DATA[0] dual-purpose pin not reserved
Info (12825): Data[1]/ASDO dual-purpose pin not reserved
Info (12825): nCSO dual-purpose pin not reserved
Info (12825): DCLK dual-purpose pin not reserved
Warning (15714): Some pins have incomplete I/O assignments. Refer to the I/O Assignment Warnings report for details
Info (176045): Design uses memory blocks. Violating setup or hold times of memory block address registers for either read or write operations could cause memory contents to be corrupted. Make sure that all memory block address registers meet the setup and hold time requirements.
Critical Warning (169085): No exact pin location assignment(s) for 3 pins of 185 total pins. For the list of pins please refer to the I/O Assignment Warnings table in the fitter report.
Info (332104): Reading SDC File: '../../../../../../shared/k5_share/kuntz5/fpga/gen_de10lite/DE10Lite_ref/DE10_LITE_Default.sdc'
Info (332110): Deriving PLL clocks
    Info (332110): create_generated_clock -source {k5x_pll|altpll_component|auto_generated|pll1|inclk[0]} -duty_cycle 50.00 -name {k5x_pll|altpll_component|auto_generated|pll1|clk[0]} {k5x_pll|altpll_component|auto_generated|pll1|clk[0]}
Info (332151): Clock uncertainty is not calculated until you update the timing netlist.
Info (332123): Deriving Clock Uncertainty. Please refer to report_sdc in the Timing Analyzer to see clock uncertainties.
Info (332129): Detected timing requirements -- optimizing circuit to achieve only the specified requirements
Info (332111): Found 4 clocks
    Info (332111):   Period   Clock Name
    Info (332111): ======== ============
    Info (332111):  100.000   ADC_CLK_10
    Info (332111):   20.000 k5x_pll|altpll_component|auto_generated|pll1|clk[0]
    Info (332111):   20.000 MAX10_CLK1_50
    Info (332111):   20.000 MAX10_CLK2_50
Info (176353): Automatically promoted node k5x_pll:k5x_pll|altpll:altpll_component|k5x_pll_altpll:auto_generated|wire_pll1_clk[0] (placed in counter C0 of PLL_4) File: /project/tsmc65/users/perezba/ws/my_k5_proj/hw/gen_fpga/db/k5x_pll_altpll.v Line: 93
    Info (176355): Automatically promoted destinations to use location or clock signal Global Clock CLKCTRL_G8
Info (176353): Automatically promoted node MAX10_CLK2_50~input (placed in PIN N14 (CLK2p, DIFFIO_RX_R38p, DIFFOUT_R38p, High_Speed)) File: /project/tsmc65/shared/k5_share/k5_xbox/fpga/src/de10lite_k5_xbox_wrap.sv Line: 10
    Info (176355): Automatically promoted destinations to use location or clock signal Global Clock CLKCTRL_G9
Info (176353): Automatically promoted node MAX10_CLK1_50~input (placed in PIN P11 (CLK7p, DIFFIO_TX_RX_B20p, DIFFOUT_B20p, High_Speed)) File: /project/tsmc65/shared/k5_share/k5_xbox/fpga/src/de10lite_k5_xbox_wrap.sv Line: 9
    Info (176355): Automatically promoted destinations to use location or clock signal Global Clock CLKCTRL_G19
Info (176353): Automatically promoted node rst_n~0  File: /project/tsmc65/shared/k5_share/k5_xbox/fpga/src/de10lite_k5_xbox_wrap.sv Line: 132
    Info (176355): Automatically promoted destinations to use location or clock signal Global Clock
    Info (176356): Following destination nodes may be non-global or may not use global or regional clocks
        Info (176357): Destination node disp_6dig_s7~0 File: /project/tsmc65/shared/k5_share/k5_xbox/fpga/src/de10lite_k5_xbox_wrap.sv Line: 205
        Info (176357): Destination node disp_6dig_s7~1 File: /project/tsmc65/shared/k5_share/k5_xbox/fpga/src/de10lite_k5_xbox_wrap.sv Line: 205
        Info (176357): Destination node disp_6dig_s7~2 File: /project/tsmc65/shared/k5_share/k5_xbox/fpga/src/de10lite_k5_xbox_wrap.sv Line: 205
        Info (176357): Destination node disp_6dig_s7~3 File: /project/tsmc65/shared/k5_share/k5_xbox/fpga/src/de10lite_k5_xbox_wrap.sv Line: 205
        Info (176357): Destination node disp_6dig_s7~4 File: /project/tsmc65/shared/k5_share/k5_xbox/fpga/src/de10lite_k5_xbox_wrap.sv Line: 205
        Info (176357): Destination node disp_6dig_s7~5 File: /project/tsmc65/shared/k5_share/k5_xbox/fpga/src/de10lite_k5_xbox_wrap.sv Line: 205
        Info (176357): Destination node disp_6dig_s7~6 File: /project/tsmc65/shared/k5_share/k5_xbox/fpga/src/de10lite_k5_xbox_wrap.sv Line: 205
        Info (176357): Destination node disp_6dig_s7~7 File: /project/tsmc65/shared/k5_share/k5_xbox/fpga/src/de10lite_k5_xbox_wrap.sv Line: 205
        Info (176357): Destination node disp_6dig_s7~8 File: /project/tsmc65/shared/k5_share/k5_xbox/fpga/src/de10lite_k5_xbox_wrap.sv Line: 205
        Info (176357): Destination node disp_6dig_s7~9 File: /project/tsmc65/shared/k5_share/k5_xbox/fpga/src/de10lite_k5_xbox_wrap.sv Line: 205
        Info (176358): Non-global destination nodes limited to 10 nodes
Info (176233): Starting register packing
Info (176235): Finished register packing
    Extra Info (176219): No registers were packed into other blocks
Info (176214): Statistics of I/O pins that need to be placed that use the same VCCIO and VREF, before I/O pin placement
    Info (176211): Number of I/O pins in group: 1 (unused VREF, 2.5V VCCIO, 0 input, 0 output, 1 bidirectional)
        Info (176212): I/O standards used: 2.5 V.
    Info (176211): Number of I/O pins in group: 2 (unused VREF, 3.3V VCCIO, 0 input, 0 output, 2 bidirectional)
        Info (176212): I/O standards used: 3.3-V LVTTL.
Info (176215): I/O bank details before I/O pin placement
    Info (176214): Statistics of I/O banks
        Info (176213): I/O bank number 1A does not use VREF pins and has undetermined VCCIO pins. 0 total pin(s) used --  16 pins available
        Info (176213): I/O bank number 1B does not use VREF pins and has undetermined VCCIO pins. 4 total pin(s) used --  20 pins available
        Info (176213): I/O bank number 2 does not use VREF pins and has 3.3V VCCIO pins. 12 total pin(s) used --  24 pins available
        Info (176213): I/O bank number 3 does not use VREF pins and has 3.3V VCCIO pins. 33 total pin(s) used --  15 pins available
        Info (176213): I/O bank number 4 does not use VREF pins and has 3.3V VCCIO pins. 26 total pin(s) used --  22 pins available
        Info (176213): I/O bank number 5 does not use VREF pins and has 3.3V VCCIO pins. 30 total pin(s) used --  10 pins available
        Info (176213): I/O bank number 6 does not use VREF pins and has 3.3V VCCIO pins. 40 total pin(s) used --  20 pins available
        Info (176213): I/O bank number 7 does not use VREF pins and has 3.3V VCCIO pins. 41 total pin(s) used --  11 pins available
        Info (176213): I/O bank number 8 does not use VREF pins and has undetermined VCCIO pins. 4 total pin(s) used --  32 pins available
Info (171121): Fitter preparation operations ending: elapsed time is 00:00:22
Info (14896): Fitter has disabled Advanced Physical Optimization because it is not supported for the current family.
Info (170189): Fitter placement preparation operations beginning
Info (170190): Fitter placement preparation operations ending: elapsed time is 00:00:25
Info (170191): Fitter placement operations beginning
Info (170137): Fitter placement was successful
Info (170192): Fitter placement operations ending: elapsed time is 00:04:56
Info (170193): Fitter routing operations beginning
Info (170195): Router estimated average interconnect usage is 37% of the available device resources
    Info (170196): Router estimated peak interconnect usage is 124% of the available device resources in the region that extends from location X11_Y11 to location X21_Y21
Warning (16684): The router is trying to resolve an exceedingly large amount of congestion. At the moment, it predicts long routing run time and/or significant setup or hold timing failures. Congestion details can be found in the Chip Planner.
Info (188005): Design requires adding a large amount of routing delay for some signals to meet hold time requirements, and there is an excessive demand for the available routing resources. The Fitter is reducing the routing delays of some signals to help the routing algorithm converge, but doing so may cause hold time failures. For more information, refer to the "Estimated Delay Added for Hold Timing" section in the Fitter report.
Info (170131): Fitter routing phase terminated due to predicted failure from regional routing congestion
    Info (170132): Routing phase ended with 8778 interconnect resources used by multiple signals
    Info (170196): Router estimated peak interconnect usage is 107% of the available device resources in the region that extends from location X11_Y11 to location X21_Y21
    Info (170133): The likelihood of this design fitting with aggressive routability optimizations is low
Warning (16618): Fitter routing phase terminated due to routing congestion. Congestion details can be found in Chip Planner.
Info (170134): Cannot fit design in device -- retrying with increased optimization that can result in longer processing time
Info (170202): The Fitter performed an Auto Fit compilation.  No optimizations were skipped because the design's timing and routability requirements required full optimization.
Info (170194): Fitter routing operations ending: elapsed time is 00:03:48
Info (170197): The Fitter will not skip routability optimizations in all subsequent fit attempts
Info (170189): Fitter placement preparation operations beginning
Info (170190): Fitter placement preparation operations ending: elapsed time is 00:00:25
