  classic 25/400 (clues 24)
  classic 50/400 (clues 24)
  classic 75/400 (clues 26)
  classic 100/400 (clues 24)
  classic 125/400 (clues 26)
  classic 150/400 (clues 24)
  classic 175/400 (clues 24)
  classic 200/400 (clues 25)
  classic 225/400 (clues 23)
  classic 250/400 (clues 26)
  classic 275/400 (clues 24)
  classic 300/400 (clues 25)
  classic 325/400 (clues 23)
  classic 350/400 (clues 25)
  classic 375/400 (clues 24)
  classic 400/400 (clues 24)
wrote explore/puzzles/gen_classic_min.txt
  classic 25/150 (clues 40)
  classic 50/150 (clues 40)
  classic 75/150 (clues 40)
  classic 100/150 (clues 40)
  classic 125/150 (clues 40)
  classic 150/150 (clues 40)
wrote explore/puzzles/gen_classic_easy.txt
  diagonal 25/300 (clues 19)
  diagonal 50/300 (clues 20)
  diagonal 75/300 (clues 17)
  diagonal 100/300 (clues 19)
  diagonal 125/300 (clues 18)
  diagonal 150/300 (clues 20)
  diagonal 175/300 (clues 18)
  diagonal 200/300 (clues 19)
  diagonal 225/300 (clues 18)
  diagonal 250/300 (clues 18)
  diagonal 275/300 (clues 19)
  diagonal 300/300 (clues 19)
wrote explore/puzzles/gen_diagonal_min.txt
  diagonal 25/150 (clues 40)
  diagonal 50/150 (clues 40)
  diagonal 75/150 (clues 40)
  diagonal 100/150 (clues 40)
  diagonal 125/150 (clues 40)
  diagonal 150/150 (clues 40)
wrote explore/puzzles/gen_diagonal_easy.txt
  windoku 25/150 (clues 16)
  windoku 50/150 (clues 17)
  windoku 75/150 (clues 17)
  windoku 100/150 (clues 17)
  windoku 125/150 (clues 19)
  windoku 150/150 (clues 17)
wrote explore/puzzles/gen_windoku_min.txt
GEN_ALL_DONE
