===== 1. stage s2 =====
alwaysud_def_pkg.sv
alwaysud.f
alwaysud_solver.sv
alwaysud.sv
sud_geom_classic.svh
sud_geom_diagonal.svh
sud_geom_pkg.sv

===== 2. synthesis (qsyn_xlr -all, ~4.5 min) =====

Info: Quartus Prime Fitter was successful. 0  errors, 4 non-justified warnings
Please Check Report for following non-justified Warnning IDs
[332012, 16684, 16618]

For more details see qsyn_output_files/alwaysud.fit.rpt


Checking Timing (STA) ...


Info: Quartus Prime Timing Analyzer was successful. 0  errors, 4 non-justified warnings
Please Check Report for following non-justified Warnning IDs
[332012, 332148]

Max FPGA Frequency 22.34 MHz


For more details see qsyn_output_files/alwaysud.sta.rpt


Worst case paths listed at: qsyn_output_files/sta_alwaysud_worst_paths.rpt
Generating qsyn submission archive: qsyn_alwaysud_perezba_040926_1657.tgz


RESULT s2: LEs(map)=25774 LEs(fit)=25030 regs=2907 membits=0 F_max=22.34 MHz
NOTE: 25774 LE is over the 20,000 limit in docs/MEASUREMENT.md

===== 3. warning review =====
=== synthesis review: /project/tsmc65/users/perezba/ws/AlwaysSudAgent/AlwaysSud/logs/explore-s2/sim/qsyn.txt ===

warnings: 0 distinct, 0 unreviewed

REPORT.md synthesis line:
  synthesis  0 errors · 0 latches · 0 combinational loops · 0 unreviewed warnings

RESULT: clean.

Logs: /project/tsmc65/users/perezba/ws/AlwaysSudAgent/AlwaysSud/logs/explore-s2/sim
