===== stage s2fastmrv =====

===== comp_fpga (the full system - expect HOURS at this size) =====
Sun Sep  6 18:38:43 UTC 2026
Synthesis mapping...
Done Synthesis ...


Total FPGA Logic Elements (out of about 50K available):   39,507
Total FPGA memory registers:     4,480
Total FPGA memory bits (out of about 1.6 Mbit available): 1,327,608
Info: Quartus Prime Analysis & Synthesis was successful. 0  errors, 10 non-justified warnings
Please Check Report for following non-justified Warnning IDs
[272007, 12158, 10027, 10030, 12020]

For more details see output_files/k5_xbox_rc3.map.rpt


Checking Fit ...


Info: Quartus Prime Fitter was successful. 0  errors, 4 non-justified warnings
Please Check Report for following non-justified Warnning IDs
[16684, 16618]

For more details see output_files/k5_xbox_rc3.fit.rpt


Checking Timing (STA) ...


Info: Quartus Prime Timing Analyzer was successful. 0  errors, 2 non-justified warnings
Please Check Report for following non-justified Warnning IDs
[332148]

Max FPGA Frequency 27.33 MHz


For more details see output_files/k5_xbox_rc3.sta.rpt


FPGA programming files successfully generated and linked to your Desktop k5_xbox_links/k5_xbox_alwaysud.sof (and .svf)
Download to FPGA board connected machine for execution
NOTICE: you should also download to the FPGA hosting machine your accelerator app C sources in case changed
Sun Sep  6 20:08:13 UTC 2026

===== verdict =====
FPGA_RESULT s2fastmrv: BITSTREAM OK
  system LEs   : 39507 / 49760
  system F_max : 27.33 MHz  (NOT graded)
  memory bits  : 1327608  (79%)
  sof md5      : 45f150b55f6fb66f256653190d67273b
