===== 1. stage courseref =====
alwaysud_def_pkg.sv
alwaysud.f
alwaysud_solver.sv
alwaysud.sv
sud_solver_mrv_claude.sv

===== 2. synthesis (qsyn_xlr -all, ~4.5 min) =====

Info: Quartus Prime Fitter was successful. 0  errors, 1 non-justified warnings
Please Check Report for following non-justified Warnning IDs
[332012]

For more details see qsyn_output_files/alwaysud.fit.rpt


Checking Timing (STA) ...


Info: Quartus Prime Timing Analyzer was successful. 0  errors, 4 non-justified warnings
Please Check Report for following non-justified Warnning IDs
[332012, 332148]

Max FPGA Frequency 4.98 MHz


For more details see qsyn_output_files/alwaysud.sta.rpt


Worst case paths listed at: qsyn_output_files/sta_alwaysud_worst_paths.rpt
Generating qsyn submission archive: qsyn_alwaysud_perezba_060926_0340.tgz


RESULT courseref: LEs(map)=13026 LEs(fit)=12200 regs=2185 membits=0 F_max=4.98 MHz

===== 3. warning review =====
=== synthesis review: /project/tsmc65/users/perezba/ws/AlwaysSudAgent/AlwaysSud/logs/explore-courseref/sim/qsyn.txt ===

warnings: 0 distinct, 0 unreviewed

REPORT.md synthesis line:
  synthesis  0 errors · 0 latches · 0 combinational loops · 0 unreviewed warnings

RESULT: clean.

Logs: /project/tsmc65/users/perezba/ws/AlwaysSudAgent/AlwaysSud/logs/explore-courseref/sim
