===== 1. stage mrvonly =====
alwaysud_def_pkg.sv
alwaysud.f
alwaysud_solver.sv
alwaysud.sv
sud_geom_classic.svh
sud_geom_diagonal.svh
sud_geom_pkg.sv

===== 2. synthesis (qsyn_xlr -all, ~4.5 min) =====

Info: Quartus Prime Fitter was successful. 0  errors, 2 non-justified warnings
Please Check Report for following non-justified Warnning IDs
[332012, 16684]

For more details see qsyn_output_files/alwaysud.fit.rpt


Checking Timing (STA) ...


Info: Quartus Prime Timing Analyzer was successful. 0  errors, 4 non-justified warnings
Please Check Report for following non-justified Warnning IDs
[332012, 332148]

Max FPGA Frequency 32.23 MHz


For more details see qsyn_output_files/alwaysud.sta.rpt


Worst case paths listed at: qsyn_output_files/sta_alwaysud_worst_paths.rpt
Generating qsyn submission archive: qsyn_alwaysud_perezba_040926_2354.tgz


RESULT mrvonly: LEs(map)=22224 LEs(fit)=21574 regs=2826 membits=0 F_max=32.23 MHz
NOTE: 22224 LE is over the 20,000 limit in docs/MEASUREMENT.md

===== 3. warning review =====
=== synthesis review: /project/tsmc65/users/perezba/ws/AlwaysSudAgent/AlwaysSud/logs/explore-mrvonly/sim/qsyn.txt ===

warnings: 0 distinct, 0 unreviewed

REPORT.md synthesis line:
  synthesis  0 errors · 0 latches · 0 combinational loops · 0 unreviewed warnings

RESULT: clean.

Logs: /project/tsmc65/users/perezba/ws/AlwaysSudAgent/AlwaysSud/logs/explore-mrvonly/sim
